<?xml version='1.0' encoding='UTF-8'?>
<testsuites>
  <testsuite name="Test Suite" device="emulator-5554" tests="1" failures="0" time="46">
    <testcase id="login" name="login" classname="login" time="46" status="SUCCESS"/>
  </testsuite>
</testsuites>
